main.c:208:5:main	40	static
main.c:347:6:SystemClock_Config	88	static
main.c:392:13:MX_I2C1_Init	8	static
main.c:426:13:MX_TIM1_Init	56	static
main.c:476:13:MX_TIM3_Init	48	static
main.c:529:13:MX_TIM5_Init	32	static
main.c:574:13:MX_USART2_UART_Init	8	static
main.c:605:13:MX_DMA_Init	16	static
main.c:626:13:MX_GPIO_Init	48	static
main.c:661:5:unwraping_update	4	static
main.c:676:8:velocity_update	32	static
main.c:692:8:ppms_to_rpm	24	static
main.c:696:8:low_pass_process	64	static
main.c:718:8:kalman_filter_update	32	static
main.c:729:8:pid_update	104	static
main.c:775:6:targectory_cal	152	static
main.c:822:10:micros	12	static
main.c:827:6:HAL_TIM_PeriodElapsedCallback	16	static
main.c:842:6:UARTInit	16	static
main.c:853:6:UARTResetStart	16	static
main.c:857:10:UARTGetRxHead	16	static
main.c:861:9:UARTReadChar	32	static
main.c:876:6:UARTTxDumpBuffer	24	static
main.c:902:6:UARTTxWrite	32	static
main.c:933:6:uart_protocal	104	static
main.c:1126:6:encoder_lowpass_update	24	static
main.c:1147:6:uart_update	16	static
main.c:1160:6:moving_state_update	16	static
main.c:1175:6:end_effector_update	24	static
main.c:1193:6:Error_Handler	4	static,ignoring_inline_asm
