main.c:207:5:main	40	static
main.c:346:6:SystemClock_Config	88	static
main.c:391:13:MX_I2C1_Init	8	static
main.c:425:13:MX_TIM1_Init	56	static
main.c:475:13:MX_TIM3_Init	48	static
main.c:528:13:MX_TIM5_Init	32	static
main.c:573:13:MX_USART2_UART_Init	8	static
main.c:604:13:MX_DMA_Init	16	static
main.c:625:13:MX_GPIO_Init	48	static
main.c:660:5:unwraping_update	4	static
main.c:675:8:velocity_update	32	static
main.c:691:8:ppms_to_rpm	24	static
main.c:695:8:low_pass_process	64	static
main.c:717:8:kalman_filter_update	32	static
main.c:728:8:pid_update	104	static
main.c:774:6:targectory_cal	152	static
main.c:821:10:micros	12	static
main.c:826:6:HAL_TIM_PeriodElapsedCallback	16	static
main.c:841:6:UARTInit	16	static
main.c:852:6:UARTResetStart	16	static
main.c:856:10:UARTGetRxHead	16	static
main.c:860:9:UARTReadChar	32	static
main.c:875:6:UARTTxDumpBuffer	24	static
main.c:901:6:UARTTxWrite	32	static
main.c:932:6:uart_protocal	104	static
main.c:1116:6:encoder_lowpass_update	24	static
main.c:1137:6:uart_update	16	static
main.c:1150:6:moving_state_update	24	static
main.c:1165:6:end_effector_update	24	static
main.c:1183:6:Error_Handler	4	static,ignoring_inline_asm
