main.c:204:5:main	40	static
main.c:341:6:SystemClock_Config	88	static
main.c:386:13:MX_TIM1_Init	56	static
main.c:436:13:MX_TIM3_Init	48	static
main.c:489:13:MX_TIM5_Init	32	static
main.c:534:13:MX_USART2_UART_Init	8	static
main.c:565:13:MX_DMA_Init	16	static
main.c:586:13:MX_GPIO_Init	48	static
main.c:621:5:unwraping_update	4	static
main.c:636:8:velocity_update	32	static
main.c:652:8:ppms_to_rpm	24	static
main.c:656:8:low_pass_process	64	static
main.c:678:8:kalman_filter_update	32	static
main.c:689:8:pid_update	104	static
main.c:735:6:targectory_cal	152	static
main.c:782:10:micros	12	static
main.c:787:6:HAL_TIM_PeriodElapsedCallback	16	static
main.c:802:6:UARTInit	16	static
main.c:813:6:UARTResetStart	16	static
main.c:817:10:UARTGetRxHead	16	static
main.c:821:9:UARTReadChar	32	static
main.c:836:6:UARTTxDumpBuffer	24	static
main.c:862:6:UARTTxWrite	32	static
main.c:893:6:uart_protocal	104	static
main.c:1077:6:encoder_lowpass_update	24	static
main.c:1098:6:uart_update	16	static
main.c:1111:6:moving_state_update	16	static
main.c:1132:6:Error_Handler	4	static,ignoring_inline_asm
