main.c:184:5:main	64	static
main.c:343:6:SystemClock_Config	88	static
main.c:388:13:MX_TIM1_Init	56	static
main.c:438:13:MX_TIM3_Init	48	static
main.c:491:13:MX_TIM5_Init	32	static
main.c:536:13:MX_USART2_UART_Init	8	static
main.c:567:13:MX_DMA_Init	16	static
main.c:588:13:MX_GPIO_Init	48	static
main.c:623:5:unwraping_update	4	static
main.c:638:8:velocity_update	32	static
main.c:654:8:ppms_to_rpm	24	static
main.c:658:8:low_pass_process	64	static
main.c:680:8:kalman_filter_update	32	static
main.c:691:8:pid_update	104	static
main.c:737:6:targectory_cal	152	static
main.c:782:10:micros	12	static
main.c:787:6:HAL_TIM_PeriodElapsedCallback	16	static
main.c:802:6:UARTInit	16	static
main.c:813:6:UARTResetStart	16	static
main.c:817:10:UARTGetRxHead	16	static
main.c:821:9:UARTReadChar	32	static
main.c:836:6:UARTTxDumpBuffer	24	static
main.c:862:6:UARTTxWrite	32	static
main.c:893:6:uart_protocal	104	static
main.c:1083:6:Error_Handler	4	static,ignoring_inline_asm
