main.c:128:5:main	24	static
main.c:249:6:SystemClock_Config	88	static
main.c:294:13:MX_TIM1_Init	56	static
main.c:344:13:MX_TIM3_Init	64	static
main.c:407:13:MX_TIM5_Init	32	static
main.c:452:13:MX_USART2_UART_Init	8	static
main.c:485:13:MX_GPIO_Init	48	static
main.c:520:5:unwraping_update	4	static
main.c:535:8:velocity_update	32	static
main.c:551:8:ppms_to_rpm	24	static
main.c:555:8:low_pass_process	64	static
main.c:577:8:kalman_filter_update	32	static
main.c:588:8:pid_update	104	static
main.c:634:6:targectory_cal	160	static
main.c:699:10:micros	12	static
main.c:704:6:HAL_TIM_PeriodElapsedCallback	16	static
main.c:720:6:Error_Handler	4	static,ignoring_inline_asm
