main.c:110:5:main	24	static
main.c:197:6:SystemClock_Config	88	static
main.c:242:13:MX_TIM1_Init	56	static
main.c:292:13:MX_TIM3_Init	64	static
main.c:360:13:MX_TIM5_Init	32	static
main.c:405:13:MX_USART2_UART_Init	8	static
main.c:438:13:MX_GPIO_Init	48	static
main.c:473:5:unwraping_update	4	static
main.c:488:8:velocity_update	32	static
main.c:504:8:low_pass_process	64	static
main.c:523:8:kalman_filter_update	32	static
main.c:536:10:micros	12	static
main.c:541:6:HAL_TIM_PeriodElapsedCallback	16	static
main.c:557:6:Error_Handler	4	static,ignoring_inline_asm
