main.c:110:5:main	24	static
main.c:197:6:SystemClock_Config	88	static
main.c:242:13:MX_TIM1_Init	56	static
main.c:292:13:MX_TIM3_Init	64	static
main.c:355:13:MX_TIM5_Init	32	static
main.c:400:13:MX_USART2_UART_Init	8	static
main.c:433:13:MX_GPIO_Init	48	static
main.c:468:5:unwraping_update	4	static
main.c:483:8:velocity_update	32	static
main.c:499:8:low_pass_process	64	static
main.c:521:8:kalman_filter_update	32	static
main.c:534:10:micros	12	static
main.c:539:6:HAL_TIM_PeriodElapsedCallback	16	static
main.c:555:6:Error_Handler	4	static,ignoring_inline_asm
